src/app/api/stripe/connect/route.ts(6,3): error TS2322: Type '"2024-12-18.acacia"' is not assignable to type '"2026-03-25.dahlia"'.
src/app/api/webhooks/stripe/route.ts(6,3): error TS2322: Type '"2024-12-18.acacia"' is not assignable to type '"2026-03-25.dahlia"'.
src/components/dashboard/MoneyMap.tsx(53,20): error TS2345: Argument of type 'HierarchyNode<{ children: { value: number; id: string; name: string; type: string; rent: number; status: "paid" | "pending" | "vacant" | "overdue"; }[]; }>' is not assignable to parameter of type 'HierarchyNode<unknown>'.
  Types of property 'path' are incompatible.
    Type '(target: HierarchyNode<{ children: { value: number; id: string; name: string; type: string; rent: number; status: "paid" | "pending" | "vacant" | "overdue"; }[]; }>) => HierarchyNode<{ children: { ...; }[]; }>[]' is not assignable to type '(target: HierarchyNode<unknown>) => HierarchyNode<unknown>[]'.
      Types of parameters 'target' and 'target' are incompatible.
        Type 'HierarchyNode<unknown>' is not assignable to type 'HierarchyNode<{ children: { value: number; id: string; name: string; type: string; rent: number; status: "paid" | "pending" | "vacant" | "overdue"; }[]; }>'.
          Types of property 'data' are incompatible.
            Type 'unknown' is not assignable to type '{ children: { value: number; id: string; name: string; type: string; rent: number; status: "paid" | "pending" | "overdue" | "vacant"; }[]; }'.
src/components/dashboard/MoneyMap.tsx(61,26): error TS2345: Argument of type '(d: d3.HierarchyRectangularNode<unknown>) => string' is not assignable to parameter of type 'string | number | boolean | readonly (string | number)[] | ValueFn<BaseType | SVGGElement, HierarchyNode<{ children: { value: number; id: string; name: string; type: string; rent: number; status: "paid" | ... 2 more ... | "overdue"; }[]; }>, string | ... 3 more ... | null> | null'.
  Type '(d: d3.HierarchyRectangularNode<unknown>) => string' is not assignable to type 'ValueFn<BaseType | SVGGElement, HierarchyNode<{ children: { value: number; id: string; name: string; type: string; rent: number; status: "paid" | "pending" | "vacant" | "overdue"; }[]; }>, string | ... 3 more ... | null>'.
    Types of parameters 'd' and 'datum' are incompatible.
      Type 'HierarchyNode<{ children: { value: number; id: string; name: string; type: string; rent: number; status: "paid" | "pending" | "vacant" | "overdue"; }[]; }>' is missing the following properties from type 'HierarchyRectangularNode<unknown>': x0, y0, x1, y1
src/components/dashboard/MoneyMap.tsx(64,22): error TS2345: Argument of type '(d: d3.HierarchyRectangularNode<unknown>) => number' is not assignable to parameter of type 'string | number | boolean | readonly (string | number)[] | ValueFn<SVGRectElement, HierarchyNode<{ children: { value: number; id: string; name: string; type: string; rent: number; status: "paid" | "pending" | "vacant" | "overdue"; }[]; }>, string | ... 3 more ... | null> | null'.
  Type '(d: d3.HierarchyRectangularNode<unknown>) => number' is not assignable to type 'ValueFn<SVGRectElement, HierarchyNode<{ children: { value: number; id: string; name: string; type: string; rent: number; status: "paid" | "pending" | "vacant" | "overdue"; }[]; }>, string | ... 3 more ... | null>'.
    Types of parameters 'd' and 'datum' are incompatible.
      Type 'HierarchyNode<{ children: { value: number; id: string; name: string; type: string; rent: number; status: "paid" | "pending" | "vacant" | "overdue"; }[]; }>' is missing the following properties from type 'HierarchyRectangularNode<unknown>': x0, y0, x1, y1
src/components/dashboard/MoneyMap.tsx(65,23): error TS2345: Argument of type '(d: d3.HierarchyRectangularNode<unknown>) => number' is not assignable to parameter of type 'string | number | boolean | readonly (string | number)[] | ValueFn<SVGRectElement, HierarchyNode<{ children: { value: number; id: string; name: string; type: string; rent: number; status: "paid" | "pending" | "vacant" | "overdue"; }[]; }>, string | ... 3 more ... | null> | null'.
  Type '(d: d3.HierarchyRectangularNode<unknown>) => number' is not assignable to type 'ValueFn<SVGRectElement, HierarchyNode<{ children: { value: number; id: string; name: string; type: string; rent: number; status: "paid" | "pending" | "vacant" | "overdue"; }[]; }>, string | ... 3 more ... | null>'.
    Types of parameters 'd' and 'datum' are incompatible.
      Type 'HierarchyNode<{ children: { value: number; id: string; name: string; type: string; rent: number; status: "paid" | "pending" | "vacant" | "overdue"; }[]; }>' is missing the following properties from type 'HierarchyRectangularNode<unknown>': x0, y0, x1, y1
src/components/dashboard/MoneyMap.tsx(67,21): error TS2345: Argument of type '(d: d3.HierarchyRectangularNode<unknown>) => string' is not assignable to parameter of type 'string | number | boolean | readonly (string | number)[] | ValueFn<SVGRectElement, HierarchyNode<{ children: { value: number; id: string; name: string; type: string; rent: number; status: "paid" | "pending" | "vacant" | "overdue"; }[]; }>, string | ... 3 more ... | null> | null'.
  Type '(d: d3.HierarchyRectangularNode<unknown>) => string' is not assignable to type 'ValueFn<SVGRectElement, HierarchyNode<{ children: { value: number; id: string; name: string; type: string; rent: number; status: "paid" | "pending" | "vacant" | "overdue"; }[]; }>, string | ... 3 more ... | null>'.
    Types of parameters 'd' and 'datum' are incompatible.
      Type 'HierarchyNode<{ children: { value: number; id: string; name: string; type: string; rent: number; status: "paid" | "pending" | "vacant" | "overdue"; }[]; }>' is missing the following properties from type 'HierarchyRectangularNode<unknown>': x0, y0, x1, y1
src/components/dashboard/MoneyMap.tsx(73,25): error TS2769: No overload matches this call.
  Overload 1 of 3, '(typenames: string, listener: null): string & Selection<SVGRectElement, HierarchyNode<{ children: { value: number; id: string; name: string; type: string; rent: number; status: "paid" | "pending" | "vacant" | "overdue"; }[]; }>, SVGSVGElement, unknown>', gave the following error.
    Argument of type '(this: SVGRectElement, event: MouseEvent, d: HierarchyRectangularNode<unknown>) => void' is not assignable to parameter of type 'null'.
  Overload 2 of 3, '(typenames: string, listener: (this: SVGRectElement, event: any, d: HierarchyNode<{ children: { value: number; id: string; name: string; type: string; rent: number; status: "paid" | "pending" | "vacant" | "overdue"; }[]; }>) => void, options?: any): string & Selection<...>', gave the following error.
    Argument of type '(this: SVGRectElement, event: MouseEvent, d: HierarchyRectangularNode<unknown>) => void' is not assignable to parameter of type '(this: SVGRectElement, event: any, d: HierarchyNode<{ children: { value: number; id: string; name: string; type: string; rent: number; status: "paid" | "pending" | "vacant" | "overdue"; }[]; }>) => void'.
      Types of parameters 'd' and 'd' are incompatible.
        Type 'HierarchyNode<{ children: { value: number; id: string; name: string; type: string; rent: number; status: "paid" | "pending" | "vacant" | "overdue"; }[]; }>' is missing the following properties from type 'HierarchyRectangularNode<unknown>': x0, y0, x1, y1
src/components/dashboard/MoneyMap.tsx(82,20): error TS2769: No overload matches this call.
  Overload 1 of 3, '(typenames: string, listener: null): string & Selection<SVGRectElement, HierarchyNode<{ children: { value: number; id: string; name: string; type: string; rent: number; status: "paid" | "pending" | "vacant" | "overdue"; }[]; }>, SVGSVGElement, unknown> & ((this: SVGRectElement, event: any, d: HierarchyNode<...>) => void)', gave the following error.
    Argument of type '(_: MouseEvent, d: d3.HierarchyRectangularNode<unknown>) => void' is not assignable to parameter of type 'null'.
  Overload 2 of 3, '(typenames: string, listener: (this: SVGRectElement, event: any, d: HierarchyNode<{ children: { value: number; id: string; name: string; type: string; rent: number; status: "paid" | "pending" | "vacant" | "overdue"; }[]; }>) => void, options?: any): string & ... 1 more ... & ((this: SVGRectElement, event: any, d: HierarchyNode<...>) => void)', gave the following error.
    Argument of type '(_: MouseEvent, d: d3.HierarchyRectangularNode<unknown>) => void' is not assignable to parameter of type '(this: SVGRectElement, event: any, d: HierarchyNode<{ children: { value: number; id: string; name: string; type: string; rent: number; status: "paid" | "pending" | "vacant" | "overdue"; }[]; }>) => void'.
      Types of parameters 'd' and 'd' are incompatible.
        Type 'HierarchyNode<{ children: { value: number; id: string; name: string; type: string; rent: number; status: "paid" | "pending" | "vacant" | "overdue"; }[]; }>' is missing the following properties from type 'HierarchyRectangularNode<unknown>': x0, y0, x1, y1
src/components/dashboard/MoneyMap.tsx(91,13): error TS2345: Argument of type '(d: d3.HierarchyRectangularNode<unknown>) => string' is not assignable to parameter of type 'string | number | boolean | ValueFn<SVGTextElement, HierarchyNode<{ children: { value: number; id: string; name: string; type: string; rent: number; status: "paid" | "pending" | "vacant" | "overdue"; }[]; }>, string | ... 2 more ... | null> | null'.
  Type '(d: d3.HierarchyRectangularNode<unknown>) => string' is not assignable to type 'ValueFn<SVGTextElement, HierarchyNode<{ children: { value: number; id: string; name: string; type: string; rent: number; status: "paid" | "pending" | "vacant" | "overdue"; }[]; }>, string | ... 2 more ... | null>'.
    Types of parameters 'd' and 'datum' are incompatible.
      Type 'HierarchyNode<{ children: { value: number; id: string; name: string; type: string; rent: number; status: "paid" | "pending" | "vacant" | "overdue"; }[]; }>' is missing the following properties from type 'HierarchyRectangularNode<unknown>': x0, y0, x1, y1
src/components/dashboard/MoneyMap.tsx(104,13): error TS2345: Argument of type '(d: d3.HierarchyRectangularNode<unknown>) => string' is not assignable to parameter of type 'string | number | boolean | ValueFn<SVGTextElement, HierarchyNode<{ children: { value: number; id: string; name: string; type: string; rent: number; status: "paid" | "pending" | "vacant" | "overdue"; }[]; }>, string | ... 2 more ... | null> | null'.
  Type '(d: d3.HierarchyRectangularNode<unknown>) => string' is not assignable to type 'ValueFn<SVGTextElement, HierarchyNode<{ children: { value: number; id: string; name: string; type: string; rent: number; status: "paid" | "pending" | "vacant" | "overdue"; }[]; }>, string | ... 2 more ... | null>'.
    Types of parameters 'd' and 'datum' are incompatible.
      Type 'HierarchyNode<{ children: { value: number; id: string; name: string; type: string; rent: number; status: "paid" | "pending" | "vacant" | "overdue"; }[]; }>' is missing the following properties from type 'HierarchyRectangularNode<unknown>': x0, y0, x1, y1
src/lib/actions/spaces.ts(13,13): error TS7022: 'data' implicitly has type 'any' because it does not have a type annotation and is referenced directly or indirectly in its own initializer.
